// Jest Snapshot v1, https://goo.gl/fbAQLP

exports[`NavBar should render the component 1`] = `
Object {
  "asFragment": [Function],
  "baseElement": <body>
    <div>
      <nav
        class="flex justify-between border-b border-gray-400 mb-10"
      >
        <div
          class="flex gap-5 ml-5"
        >
          <a
            class="font-medium px-3 py-2 text-slate-700 rounded-lg hover:bg-slate-100 hover:text-slate-900"
            href="/"
          >
            Home
          </a>
          <a
            class="font-medium px-3 py-2 text-slate-700 rounded-lg hover:bg-slate-100 hover:text-slate-900"
            href="/leaderboard"
          >
            Leaderboard
          </a>
          <a
            class="font-medium px-3 py-2 text-slate-700 rounded-lg hover:bg-slate-100 hover:text-slate-900"
            href="/new"
          >
            New Poll
          </a>
        </div>
        <div
          class="mr-5 flex gap-5"
        >
          <span
            class="font-medium px-3 py-2 text-slate-700"
          >
            <div
              class="flex items-center"
            >
              <div
                class="flex-shrink-0 h-12 w-12"
              >
                <img
                  alt="sarahedo's avatar"
                  class="h-full w-full rounded-full"
                  src="https://github.com/sarah.png"
                />
              </div>
              <div
                class="ml-4"
              >
                <div
                  class="text-lg font-medium text-gray-900"
                  data-testid="user-name"
                >
                  Sarah Edo
                </div>
                <div
                  class="text-gray-600"
                  data-testid="user-id"
                >
                  ID: 
                  sarahedo
                </div>
              </div>
            </div>
          </span>
          <button
            class="font-medium px-3 py-2 text-slate-700 rounded-lg hover:bg-slate-100 hover:text-slate-900"
          >
            Logout
          </button>
        </div>
      </nav>
    </div>
  </body>,
  "container": <div>
    <nav
      class="flex justify-between border-b border-gray-400 mb-10"
    >
      <div
        class="flex gap-5 ml-5"
      >
        <a
          class="font-medium px-3 py-2 text-slate-700 rounded-lg hover:bg-slate-100 hover:text-slate-900"
          href="/"
        >
          Home
        </a>
        <a
          class="font-medium px-3 py-2 text-slate-700 rounded-lg hover:bg-slate-100 hover:text-slate-900"
          href="/leaderboard"
        >
          Leaderboard
        </a>
        <a
          class="font-medium px-3 py-2 text-slate-700 rounded-lg hover:bg-slate-100 hover:text-slate-900"
          href="/new"
        >
          New Poll
        </a>
      </div>
      <div
        class="mr-5 flex gap-5"
      >
        <span
          class="font-medium px-3 py-2 text-slate-700"
        >
          <div
            class="flex items-center"
          >
            <div
              class="flex-shrink-0 h-12 w-12"
            >
              <img
                alt="sarahedo's avatar"
                class="h-full w-full rounded-full"
                src="https://github.com/sarah.png"
              />
            </div>
            <div
              class="ml-4"
            >
              <div
                class="text-lg font-medium text-gray-900"
                data-testid="user-name"
              >
                Sarah Edo
              </div>
              <div
                class="text-gray-600"
                data-testid="user-id"
              >
                ID: 
                sarahedo
              </div>
            </div>
          </div>
        </span>
        <button
          class="font-medium px-3 py-2 text-slate-700 rounded-lg hover:bg-slate-100 hover:text-slate-900"
        >
          Logout
        </button>
      </div>
    </nav>
  </div>,
  "debug": [Function],
  "findAllByAltText": [Function],
  "findAllByDisplayValue": [Function],
  "findAllByLabelText": [Function],
  "findAllByPlaceholderText": [Function],
  "findAllByRole": [Function],
  "findAllByTestId": [Function],
  "findAllByText": [Function],
  "findAllByTitle": [Function],
  "findByAltText": [Function],
  "findByDisplayValue": [Function],
  "findByLabelText": [Function],
  "findByPlaceholderText": [Function],
  "findByRole": [Function],
  "findByTestId": [Function],
  "findByText": [Function],
  "findByTitle": [Function],
  "getAllByAltText": [Function],
  "getAllByDisplayValue": [Function],
  "getAllByLabelText": [Function],
  "getAllByPlaceholderText": [Function],
  "getAllByRole": [Function],
  "getAllByTestId": [Function],
  "getAllByText": [Function],
  "getAllByTitle": [Function],
  "getByAltText": [Function],
  "getByDisplayValue": [Function],
  "getByLabelText": [Function],
  "getByPlaceholderText": [Function],
  "getByRole": [Function],
  "getByTestId": [Function],
  "getByText": [Function],
  "getByTitle": [Function],
  "queryAllByAltText": [Function],
  "queryAllByDisplayValue": [Function],
  "queryAllByLabelText": [Function],
  "queryAllByPlaceholderText": [Function],
  "queryAllByRole": [Function],
  "queryAllByTestId": [Function],
  "queryAllByText": [Function],
  "queryAllByTitle": [Function],
  "queryByAltText": [Function],
  "queryByDisplayValue": [Function],
  "queryByLabelText": [Function],
  "queryByPlaceholderText": [Function],
  "queryByRole": [Function],
  "queryByTestId": [Function],
  "queryByText": [Function],
  "queryByTitle": [Function],
  "rerender": [Function],
  "unmount": [Function],
}
`;
