// Jest Snapshot v1, https://goo.gl/fbAQLP

exports[`NewPoll should render the component 1`] = `
Object {
  "asFragment": [Function],
  "baseElement": <body>
    <div>
      <div>
        <div
          class="flex flex-col gap-5 justify-center items-center bg-gray-100 p-5"
        >
          <h2
            class="text-2xl font-bold"
          >
            Poll by sarahedo
          </h2>
          <div
            class="h-56 w-56 rounded-full overflow-hidden"
          >
            <img
              alt="sarahedo's avatar"
              class="h-full w-full object-cover"
              src="https://github.com/sarah.png"
            />
          </div>
          <h2
            class="text-2xl font-bold"
          >
            Would You Rather
          </h2>
        </div>
        <div
          class="max-w-5xl mx-auto my-8 p-8 border border-gray-300 rounded-lg"
        >
          <form>
            <div
              class="mb-4"
            >
              <label
                class="block font-medium text-gray-700 mb-2"
                data-testid="firstOptionLabel"
                for="option1"
              >
                First Option
              </label>
              <input
                class="w-full border border-gray-300 rounded-lg py-2 px-4"
                data-testid="firstOption"
                id="option1"
                name="option1"
                placeholder="Option One"
                required=""
                type="text"
                value=""
              />
            </div>
            <div
              class="mb-4"
            >
              <label
                class="block font-medium text-gray-700 mb-2"
                data-testid="secondOptionLabel"
                for="option2"
              >
                Second Option
              </label>
              <input
                class="w-full border border-gray-300 rounded-lg py-2 px-4"
                data-testid="secondOption"
                id="option2"
                name="option2"
                placeholder="Option Two"
                required=""
                type="text"
                value=""
              />
            </div>
            <div
              class="flex justify-center"
            >
              <button
                class="bg-green-500 text-white rounded-lg px-4 py-2 hover:bg-green-600 mx-auto w-1/4"
                data-testid="submit-form"
                type="submit"
              >
                Create Poll
              </button>
            </div>
          </form>
        </div>
      </div>
    </div>
  </body>,
  "container": <div>
    <div>
      <div
        class="flex flex-col gap-5 justify-center items-center bg-gray-100 p-5"
      >
        <h2
          class="text-2xl font-bold"
        >
          Poll by sarahedo
        </h2>
        <div
          class="h-56 w-56 rounded-full overflow-hidden"
        >
          <img
            alt="sarahedo's avatar"
            class="h-full w-full object-cover"
            src="https://github.com/sarah.png"
          />
        </div>
        <h2
          class="text-2xl font-bold"
        >
          Would You Rather
        </h2>
      </div>
      <div
        class="max-w-5xl mx-auto my-8 p-8 border border-gray-300 rounded-lg"
      >
        <form>
          <div
            class="mb-4"
          >
            <label
              class="block font-medium text-gray-700 mb-2"
              data-testid="firstOptionLabel"
              for="option1"
            >
              First Option
            </label>
            <input
              class="w-full border border-gray-300 rounded-lg py-2 px-4"
              data-testid="firstOption"
              id="option1"
              name="option1"
              placeholder="Option One"
              required=""
              type="text"
              value=""
            />
          </div>
          <div
            class="mb-4"
          >
            <label
              class="block font-medium text-gray-700 mb-2"
              data-testid="secondOptionLabel"
              for="option2"
            >
              Second Option
            </label>
            <input
              class="w-full border border-gray-300 rounded-lg py-2 px-4"
              data-testid="secondOption"
              id="option2"
              name="option2"
              placeholder="Option Two"
              required=""
              type="text"
              value=""
            />
          </div>
          <div
            class="flex justify-center"
          >
            <button
              class="bg-green-500 text-white rounded-lg px-4 py-2 hover:bg-green-600 mx-auto w-1/4"
              data-testid="submit-form"
              type="submit"
            >
              Create Poll
            </button>
          </div>
        </form>
      </div>
    </div>
  </div>,
  "debug": [Function],
  "findAllByAltText": [Function],
  "findAllByDisplayValue": [Function],
  "findAllByLabelText": [Function],
  "findAllByPlaceholderText": [Function],
  "findAllByRole": [Function],
  "findAllByTestId": [Function],
  "findAllByText": [Function],
  "findAllByTitle": [Function],
  "findByAltText": [Function],
  "findByDisplayValue": [Function],
  "findByLabelText": [Function],
  "findByPlaceholderText": [Function],
  "findByRole": [Function],
  "findByTestId": [Function],
  "findByText": [Function],
  "findByTitle": [Function],
  "getAllByAltText": [Function],
  "getAllByDisplayValue": [Function],
  "getAllByLabelText": [Function],
  "getAllByPlaceholderText": [Function],
  "getAllByRole": [Function],
  "getAllByTestId": [Function],
  "getAllByText": [Function],
  "getAllByTitle": [Function],
  "getByAltText": [Function],
  "getByDisplayValue": [Function],
  "getByLabelText": [Function],
  "getByPlaceholderText": [Function],
  "getByRole": [Function],
  "getByTestId": [Function],
  "getByText": [Function],
  "getByTitle": [Function],
  "queryAllByAltText": [Function],
  "queryAllByDisplayValue": [Function],
  "queryAllByLabelText": [Function],
  "queryAllByPlaceholderText": [Function],
  "queryAllByRole": [Function],
  "queryAllByTestId": [Function],
  "queryAllByText": [Function],
  "queryAllByTitle": [Function],
  "queryByAltText": [Function],
  "queryByDisplayValue": [Function],
  "queryByLabelText": [Function],
  "queryByPlaceholderText": [Function],
  "queryByRole": [Function],
  "queryByTestId": [Function],
  "queryByText": [Function],
  "queryByTitle": [Function],
  "rerender": [Function],
  "unmount": [Function],
}
`;
